scripts/backfill-inventory-batches.ts(140,37): error TS2769: No overload matches this call.
  Overload 1 of 2, '(arg: PrismaPromise<any>[], options?: { isolationLevel?: TransactionIsolationLevel | undefined; } | undefined): Promise<any[]>', gave the following error.
    Argument of type '(tx: Prisma.TransactionClient) => Promise<void>' is not assignable to parameter of type 'PrismaPromise<any>[]'.
  Overload 2 of 2, '(fn: (client: Omit<DynamicClientExtensionThis<TypeMap<InternalArgs & { result: {}; model: {}; query: {}; client: {}; }, {}>, TypeMapCb<{ log: "error"[]; }>, { result: {}; model: {}; query: {}; client: {}; }>, "$extends" | ... 3 more ... | "$use">) => Promise<...>, options?: { ...; } | undefined): Promise<...>', gave the following error.
    Argument of type '(tx: Prisma.TransactionClient) => Promise<void>' is not assignable to parameter of type '(client: Omit<DynamicClientExtensionThis<TypeMap<InternalArgs & { result: {}; model: {}; query: {}; client: {}; }, {}>, TypeMapCb<{ log: "error"[]; }>, { result: {}; model: {}; query: {}; client: {}; }>, "$extends" | ... 3 more ... | "$use">) => Promise<...>'.
      Types of parameters 'tx' and 'client' are incompatible.
        Type 'Omit<DynamicClientExtensionThis<TypeMap<InternalArgs & { result: {}; model: {}; query: {}; client: {}; }, {}>, TypeMapCb<{ log: "error"[]; }>, { result: {}; model: {}; query: {}; client: {}; }>, "$extends" | ... 3 more ... | "$use">' is not assignable to type 'TransactionClient'.
          The types of 'tenant.findUnique' are incompatible between these types.
            Type '<A extends TenantFindUniqueArgs<InternalArgs & { result: {}; model: {}; query: {}; client: {}; }>>(args: Exact<A, TenantFindUniqueArgs<InternalArgs & { result: {}; model: {}; query: {}; client: {}; }>>) => DynamicModelExtensionFluentApi<...> & PrismaPromise<...>' is not assignable to type '<T extends TenantFindUniqueArgs>(args: SelectSubset<T, TenantFindUniqueArgs<DefaultArgs>>) => Prisma__TenantClient<GetFindResult<$TenantPayload<DefaultArgs>, T, PrismaClientOptions> | null, null, DefaultArgs, PrismaClientOptions>'.
              Types of parameters 'args' and 'args' are incompatible.
                Type 'SelectSubset<T, TenantFindUniqueArgs<DefaultArgs>>' is not assignable to type 'Exact<T, TenantFindUniqueArgs<InternalArgs & { result: {}; model: {}; query: {}; client: {}; }>>'.
                  Type 'SelectSubset<T, TenantFindUniqueArgs<DefaultArgs>>' is not assignable to type 'T extends Narrowable ? T : never'.
scripts/backfill-inventory-batches.ts(144,17): error TS2322: Type '{ item: { connect: { id: string; }; }; quantityAvailable: number; quantityReserved: number; quantityInTransit: number; }' is not assignable to type '(Without<InventoryCreateInput, InventoryUncheckedCreateInput> & InventoryUncheckedCreateInput) | (Without<...> & InventoryCreateInput)'.
  Type '{ item: { connect: { id: string; }; }; quantityAvailable: number; quantityReserved: number; quantityInTransit: number; }' is not assignable to type 'Without<InventoryUncheckedCreateInput, InventoryCreateInput> & InventoryCreateInput'.
    Property 'tenant' is missing in type '{ item: { connect: { id: string; }; }; quantityAvailable: number; quantityReserved: number; quantityInTransit: number; }' but required in type 'InventoryCreateInput'.
scripts/backfill-inventory-batches.ts(169,24): error TS2345: Argument of type '{ inventoryId: string; vendorId: string; quantity: number; remainingQty: number; costPerUnit: number; purchaseDate: Date; purchaseOrderId: string; }' is not assignable to parameter of type 'InventoryBatchCreateManyInput'.
  Property 'tenantId' is missing in type '{ inventoryId: string; vendorId: string; quantity: number; remainingQty: number; costPerUnit: number; purchaseDate: Date; purchaseOrderId: string; }' but required in type 'InventoryBatchCreateManyInput'.
scripts/backfill-transactions.ts(18,9): error TS2322: Type '{ itemId: string; vendorId: string; type: string; quantity: number; referenceType: string; referenceId: string; createdAt: Date; }' is not assignable to type 'Exact<(Without<InventoryTransactionCreateInput, InventoryTransactionUncheckedCreateInput> & InventoryTransactionUncheckedCreateInput) | (Without<...> & InventoryTransactionCreateInput), (Without<...> & InventoryTransactionUncheckedCreateInput) | (Without<...> & InventoryTransactionCreateInput)>'.
  Type '{ itemId: string; vendorId: string; type: string; quantity: number; referenceType: string; referenceId: string; createdAt: Date; }' is not assignable to type '(Without<InventoryTransactionCreateInput, InventoryTransactionUncheckedCreateInput> & InventoryTransactionUncheckedCreateInput) | { ...; }'.
    Property 'tenantId' is missing in type '{ itemId: string; vendorId: string; type: string; quantity: number; referenceType: string; referenceId: string; createdAt: Date; }' but required in type '{ tenant?: undefined; user?: undefined; item?: undefined; rack?: undefined; vendor?: undefined; customer?: undefined; id?: Exact<string | undefined, string | undefined>; tenantId: string; ... 9 more ...; createdAt?: Exact<...>; }'.
scripts/backfill-transactions.ts(48,11): error TS2322: Type '{ itemId: string; customerId: string; rackId: string | undefined; type: string; quantity: number; referenceType: string; referenceId: string; createdAt: Date; }' is not assignable to type 'Exact<(Without<InventoryTransactionCreateInput, InventoryTransactionUncheckedCreateInput> & InventoryTransactionUncheckedCreateInput) | (Without<...> & InventoryTransactionCreateInput), (Without<...> & InventoryTransactionUncheckedCreateInput) | (Without<...> & InventoryTransactionCreateInput)>'.
  Type '{ itemId: string; customerId: string; rackId: string | undefined; type: string; quantity: number; referenceType: string; referenceId: string; createdAt: Date; }' is not assignable to type '(Without<InventoryTransactionCreateInput, InventoryTransactionUncheckedCreateInput> & InventoryTransactionUncheckedCreateInput) | { ...; }'.
    Property 'tenantId' is missing in type '{ itemId: string; customerId: string; rackId: string | undefined; type: string; quantity: number; referenceType: string; referenceId: string; createdAt: Date; }' but required in type '{ tenant?: undefined; user?: undefined; item?: undefined; rack?: undefined; vendor?: undefined; customer?: undefined; id?: Exact<string | undefined, string | undefined>; tenantId: string; ... 9 more ...; createdAt?: Exact<...>; }'.
src/app/api/debug/check-item.ts(14,7): error TS2322: Type '{ sku: string; }' is not assignable to type 'Exact<ItemWhereUniqueInput, ItemWhereUniqueInput>'.
  Type '{ sku: string; }' is missing the following properties from type '{ id: string; tenantId_sku: { tenantId: string; sku: string; }; AND?: Exact<ItemWhereInput | ItemWhereInput[] | undefined, ItemWhereInput | ItemWhereInput[] | undefined>; ... 16 more ...; tenant?: Exact<...>; }': id, tenantId_sku
src/app/api/debug/check-item.ts(34,23): error TS2339: Property 'inventory' does not exist on type '{ id: string; name: string; createdAt: Date; tenantId: string; sku: string; categoryId: string; unit: string; isCritical: boolean; minStockLevel: number; }'.
src/app/api/debug/check-item.ts(35,20): error TS2339: Property 'stocks' does not exist on type '{ id: string; name: string; createdAt: Date; tenantId: string; sku: string; categoryId: string; unit: string; isCritical: boolean; minStockLevel: number; }'.
src/app/api/debug/check-item.ts(36,25): error TS2339: Property 'stocks' does not exist on type '{ id: string; name: string; createdAt: Date; tenantId: string; sku: string; categoryId: string; unit: string; isCritical: boolean; minStockLevel: number; }'.
src/app/api/debug/check-item.ts(36,47): error TS7006: Parameter 'acc' implicitly has an 'any' type.
src/app/api/debug/check-item.ts(36,52): error TS7006: Parameter 's' implicitly has an 'any' type.
src/app/api/debug/check-item.ts(37,25): error TS2339: Property 'inventory' does not exist on type '{ id: string; name: string; createdAt: Date; tenantId: string; sku: string; categoryId: string; unit: string; isCritical: boolean; minStockLevel: number; }'.
